Archive member included to satisfy reference by file (symbol)

c:/program files (x86)/gnu tools arm embedded/6 2017-q2-update/bin/../lib/gcc/arm-none-eabi/6.3.1/../../../../arm-none-eabi/lib/thumb/v7-m\libg.a(lib_a-memcpy.o)
                              ..\obj\startup_stm32f10x_md.o (memcpy)
c:/program files (x86)/gnu tools arm embedded/6 2017-q2-update/bin/../lib/gcc/arm-none-eabi/6.3.1/../../../../arm-none-eabi/lib/thumb/v7-m\libg.a(lib_a-memmove.o)
                              ..\obj\ssd1306.o (memmove)
c:/program files (x86)/gnu tools arm embedded/6 2017-q2-update/bin/../lib/gcc/arm-none-eabi/6.3.1/../../../../arm-none-eabi/lib/thumb/v7-m\libg.a(lib_a-memset.o)
                              ..\obj\ssd1306.o (memset)
c:/program files (x86)/gnu tools arm embedded/6 2017-q2-update/bin/../lib/gcc/arm-none-eabi/6.3.1/../../../../arm-none-eabi/lib/thumb/v7-m\libg.a(lib_a-sprintf.o)
                              ..\obj\main.o (sprintf)
c:/program files (x86)/gnu tools arm embedded/6 2017-q2-update/bin/../lib/gcc/arm-none-eabi/6.3.1/../../../../arm-none-eabi/lib/thumb/v7-m\libg.a(lib_a-svfprintf.o)
                              c:/program files (x86)/gnu tools arm embedded/6 2017-q2-update/bin/../lib/gcc/arm-none-eabi/6.3.1/../../../../arm-none-eabi/lib/thumb/v7-m\libg.a(lib_a-sprintf.o) (_svfprintf_r)
c:/program files (x86)/gnu tools arm embedded/6 2017-q2-update/bin/../lib/gcc/arm-none-eabi/6.3.1/../../../../arm-none-eabi/lib/thumb/v7-m\libg.a(lib_a-dtoa.o)
                              c:/program files (x86)/gnu tools arm embedded/6 2017-q2-update/bin/../lib/gcc/arm-none-eabi/6.3.1/../../../../arm-none-eabi/lib/thumb/v7-m\libg.a(lib_a-svfprintf.o) (_dtoa_r)
c:/program files (x86)/gnu tools arm embedded/6 2017-q2-update/bin/../lib/gcc/arm-none-eabi/6.3.1/../../../../arm-none-eabi/lib/thumb/v7-m\libg.a(lib_a-impure.o)
                              c:/program files (x86)/gnu tools arm embedded/6 2017-q2-update/bin/../lib/gcc/arm-none-eabi/6.3.1/../../../../arm-none-eabi/lib/thumb/v7-m\libg.a(lib_a-sprintf.o) (_impure_ptr)
c:/program files (x86)/gnu tools arm embedded/6 2017-q2-update/bin/../lib/gcc/arm-none-eabi/6.3.1/../../../../arm-none-eabi/lib/thumb/v7-m\libg.a(lib_a-localeconv.o)
                              c:/program files (x86)/gnu tools arm embedded/6 2017-q2-update/bin/../lib/gcc/arm-none-eabi/6.3.1/../../../../arm-none-eabi/lib/thumb/v7-m\libg.a(lib_a-svfprintf.o) (_localeconv_r)
c:/program files (x86)/gnu tools arm embedded/6 2017-q2-update/bin/../lib/gcc/arm-none-eabi/6.3.1/../../../../arm-none-eabi/lib/thumb/v7-m\libg.a(lib_a-mallocr.o)
                              c:/program files (x86)/gnu tools arm embedded/6 2017-q2-update/bin/../lib/gcc/arm-none-eabi/6.3.1/../../../../arm-none-eabi/lib/thumb/v7-m\libg.a(lib_a-svfprintf.o) (_malloc_r)
c:/program files (x86)/gnu tools arm embedded/6 2017-q2-update/bin/../lib/gcc/arm-none-eabi/6.3.1/../../../../arm-none-eabi/lib/thumb/v7-m\libg.a(lib_a-memchr-stub.o)
                              c:/program files (x86)/gnu tools arm embedded/6 2017-q2-update/bin/../lib/gcc/arm-none-eabi/6.3.1/../../../../arm-none-eabi/lib/thumb/v7-m\libg.a(lib_a-svfprintf.o) (memchr)
c:/program files (x86)/gnu tools arm embedded/6 2017-q2-update/bin/../lib/gcc/arm-none-eabi/6.3.1/../../../../arm-none-eabi/lib/thumb/v7-m\libg.a(lib_a-mlock.o)
                              c:/program files (x86)/gnu tools arm embedded/6 2017-q2-update/bin/../lib/gcc/arm-none-eabi/6.3.1/../../../../arm-none-eabi/lib/thumb/v7-m\libg.a(lib_a-mallocr.o) (__malloc_lock)
c:/program files (x86)/gnu tools arm embedded/6 2017-q2-update/bin/../lib/gcc/arm-none-eabi/6.3.1/../../../../arm-none-eabi/lib/thumb/v7-m\libg.a(lib_a-mprec.o)
                              c:/program files (x86)/gnu tools arm embedded/6 2017-q2-update/bin/../lib/gcc/arm-none-eabi/6.3.1/../../../../arm-none-eabi/lib/thumb/v7-m\libg.a(lib_a-dtoa.o) (_Balloc)
c:/program files (x86)/gnu tools arm embedded/6 2017-q2-update/bin/../lib/gcc/arm-none-eabi/6.3.1/../../../../arm-none-eabi/lib/thumb/v7-m\libg.a(lib_a-sbrkr.o)
                              c:/program files (x86)/gnu tools arm embedded/6 2017-q2-update/bin/../lib/gcc/arm-none-eabi/6.3.1/../../../../arm-none-eabi/lib/thumb/v7-m\libg.a(lib_a-mallocr.o) (_sbrk_r)
c:/program files (x86)/gnu tools arm embedded/6 2017-q2-update/bin/../lib/gcc/arm-none-eabi/6.3.1/../../../../arm-none-eabi/lib/thumb/v7-m\libg.a(lib_a-strlen-stub.o)
                              c:/program files (x86)/gnu tools arm embedded/6 2017-q2-update/bin/../lib/gcc/arm-none-eabi/6.3.1/../../../../arm-none-eabi/lib/thumb/v7-m\libg.a(lib_a-svfprintf.o) (strlen)
c:/program files (x86)/gnu tools arm embedded/6 2017-q2-update/bin/../lib/gcc/arm-none-eabi/6.3.1/../../../../arm-none-eabi/lib/thumb/v7-m\libg.a(lib_a-svfiprintf.o)
[...]
Memory Configuration

Name             Origin             Length             Attributes
rom              0x08000000         0x00010000         xr
ram              0x20000000         0x00005000         xrw
*default*        0x00000000         0xffffffff

Linker script and memory map

                0x20005000                _eram = 0x20005000

.text           0x08000000     0x7c6d
 *(.isr_vector)
 .isr_vector    0x08000000      0x10c ..\obj\startup_stm32f10x_md.o
                0x08000000                g_pfnVectors
 *(.text*)
 .text.TIM_TimeBaseInit
                0x0800010c       0xac ..\obj\stm32f10x_tim.o
                0x0800010c                TIM_TimeBaseInit
 .text.TIM_Cmd  0x080001b8       0x1c ..\obj\stm32f10x_tim.o
                0x080001b8                TIM_Cmd
 .text.TIM_ITConfig
                0x080001d4       0x14 ..\obj\stm32f10x_tim.o
                0x080001d4                TIM_ITConfig
 .text.TIM_GetFlagStatus
                0x080001e8        0xc ..\obj\stm32f10x_tim.o
                0x080001e8                TIM_GetFlagStatus
 .text.TIM_ClearITPendingBit
                0x080001f4        0x8 ..\obj\stm32f10x_tim.o
                0x080001f4                TIM_ClearITPendingBit
 .text.SystemInit
                0x080001fc      0x104 ..\obj\system_stm32f10x.o
                0x080001fc                SystemInit
 .text.Default_Handler
                0x08000300        0x4 ..\obj\startup_stm32f10x_md.o
                0x08000300                EXTI2_IRQHandler
                0x08000300                DebugMon_Handler
                0x08000300                TIM1_CC_IRQHandler
                0x08000300                HardFault_Handler
                0x08000300                SysTick_Handler
                0x08000300                PVD_IRQHandler
                0x08000300                PendSV_Handler
                0x08000300                NMI_Handler
                0x08000300                EXTI3_IRQHandler
                0x08000300                EXTI0_IRQHandler
                0x08000300                I2C2_EV_IRQHandler
                0x08000300                UsageFault_Handler
                0x08000300                ADC1_2_IRQHandler
                0x08000300                SPI1_IRQHandler
                0x08000300                TAMPER_IRQHandler
                0x08000300                DMA1_Channel4_IRQHandler
                0x08000300                USART3_IRQHandler
                0x08000300                RTC_IRQHandler
                0x08000300                DMA1_Channel7_IRQHandler
                0x08000300                CAN1_RX1_IRQHandler
                0x08000300                I2C1_EV_IRQHandler
                0x08000300                DMA1_Channel6_IRQHandler
                0x08000300                TIM3_IRQHandler
                0x08000300                RCC_IRQHandler
                0x08000300                TIM1_TRG_COM_IRQHandler
                0x08000300                DMA1_Channel1_IRQHandler
                0x08000300                EXTI15_10_IRQHandler
                0x08000300                EXTI9_5_IRQHandler
                0x08000300                SPI2_IRQHandler
                0x08000300                MemManage_Handler
                0x08000300                SVC_Handler
                0x08000300                DMA1_Channel5_IRQHandler
                0x08000300                EXTI4_IRQHandler
                0x08000300                USB_LP_CAN1_RX0_IRQHandler
                0x08000300                USB_HP_CAN1_TX_IRQHandler
                0x08000300                DMA1_Channel3_IRQHandler
                0x08000300                TIM1_UP_IRQHandler
                0x08000300                WWDG_IRQHandler
                0x08000300                TIM2_IRQHandler
                0x08000300                TIM1_BRK_IRQHandler
                0x08000300                EXTI1_IRQHandler
                0x08000300                RTCAlarm_IRQHandler
                0x08000300                USART2_IRQHandler
                0x08000300                I2C2_ER_IRQHandler
                0x08000300                DMA1_Channel2_IRQHandler
                0x08000300                CAN1_SCE_IRQHandler
                0x08000300                FLASH_IRQHandler
                0x08000300                BusFault_Handler
                0x08000300                USART1_IRQHandler
                0x08000300                I2C1_ER_IRQHandler
                0x08000300                USBWakeUp_IRQHandler
 .text.Default_Reset_Handler
                0x08000304       0x4c ..\obj\startup_stm32f10x_md.o
                0x08000304                Default_Reset_Handler
                0x08000304                Reset_Handler
 .text.GPIO_Init
                0x08000350      0x36c ..\obj\stm32f10x_gpio.o
                0x08000350                GPIO_Init
 .text.GPIO_ReadInputDataBit
                0x080006bc        0xc ..\obj\stm32f10x_gpio.o
                0x080006bc                GPIO_ReadInputDataBit
 .text.GPIO_SetBits
                0x080006c8        0x4 ..\obj\stm32f10x_gpio.o
                0x080006c8                GPIO_SetBits
 .text.GPIO_ResetBits
                0x080006cc        0x4 ..\obj\stm32f10x_gpio.o
                0x080006cc                GPIO_ResetBits
 .text.startup.main
                0x080006d0      0x140 ..\obj\main.o
                0x080006d0                main
 .text.RCC_GetClocksFreq
                0x08000810       0x98 ..\obj\stm32f10x_rcc.o
                0x08000810                RCC_GetClocksFreq
 .text.RCC_APB2PeriphClockCmd
                0x080008a8       0x18 ..\obj\stm32f10x_rcc.o
                0x080008a8                RCC_APB2PeriphClockCmd
 .text.RCC_APB1PeriphClockCmd
                0x080008c0       0x18 ..\obj\stm32f10x_rcc.o
                0x080008c0                RCC_APB1PeriphClockCmd
 .text.RCC_APB1PeriphResetCmd
                0x080008d8       0x18 ..\obj\stm32f10x_rcc.o
                0x080008d8                RCC_APB1PeriphResetCmd
 .text._sbrk    0x080008f0       0x1c ..\obj\syscalls.o
                0x080008f0                _sbrk
 .text.NVIC_Init
                0x0800090c       0x64 ..\obj\misc.o
                0x0800090c                NVIC_Init
 .text.TIM4_IRQHandler
                0x08000970      0x180 ..\obj\rc6.o
                0x08000970                TIM4_IRQHandler
 .text.rc6Init  0x08000af0       0xc4 ..\obj\rc6.o
                0x08000af0                rc6Init
 .text.i2c_send_command.part.0
                0x08000bb4       0x78 ..\obj\ssd1306.o
 .text.ssd1306_i2c_init
                0x08000c2c      0x588 ..\obj\ssd1306.o
                0x08000c2c                ssd1306_i2c_init
 .text.ssd1306_i2c_draw_buffer
                0x080011b4      0x1e8 ..\obj\ssd1306.o
                0x080011b4                ssd1306_i2c_draw_buffer
 .text.ssd1306_clear_display_buffer
                0x0800139c       0xac ..\obj\ssd1306.o
                0x0800139c                ssd1306_clear_display_buffer
 .text.ssd1306_draw_string_16x16
                0x08001448      0x3a4 ..\obj\ssd1306.o
                0x08001448                ssd1306_draw_string_16x16
 .text.ssd1306_init
                0x080017ec      0x130 ..\obj\ssd1306.o
                0x080017ec                ssd1306_init
 .text.I2C_DeInit
                0x0800191c       0x3c ..\obj\stm32f10x_i2c.o
                0x0800191c                I2C_DeInit
 .text.I2C_Init
                0x08001958       0xe0 ..\obj\stm32f10x_i2c.o
                0x08001958                I2C_Init
 .text.I2C_Cmd  0x08001a38       0x1c ..\obj\stm32f10x_i2c.o
                0x08001a38                I2C_Cmd
 .text.I2C_GenerateSTART
                0x08001a54       0x1c ..\obj\stm32f10x_i2c.o
                0x08001a54                I2C_GenerateSTART
 .text.I2C_GenerateSTOP
                0x08001a70       0x1c ..\obj\stm32f10x_i2c.o
                0x08001a70                I2C_GenerateSTOP
 .text.I2C_SendData
                0x08001a8c        0x4 ..\obj\stm32f10x_i2c.o
                0x08001a8c                I2C_SendData
 .text.I2C_Send7bitAddress
                0x08001a90       0x18 ..\obj\stm32f10x_i2c.o
                0x08001a90                I2C_Send7bitAddress
 .text.I2C_CheckEvent
                0x08001aa8       0x1c ..\obj\stm32f10x_i2c.o
                0x08001aa8                I2C_CheckEvent
 .text          0x08001ac4       0xec c:/program files (x86)/gnu tools arm embedded/6 2017-q2-update/bin/../lib/gcc/arm-none-eabi/6.3.1/../../../../arm-none-eabi/lib/thumb/v7-m\libg.a(lib_a-memcpy.o)
                0x08001ac4                memcpy
 .text.memmove  0x08001bb0       0xc8 c:/program files (x86)/gnu tools arm embedded/6 2017-q2-update/bin/../lib/gcc/arm-none-eabi/6.3.1/../../../../arm-none-eabi/lib/thumb/v7-m\libg.a(lib_a-memmove.o)
                0x08001bb0                memmove
 .text.memset   0x08001c78       0x9c c:/program files (x86)/gnu tools arm embedded/6 2017-q2-update/bin/../lib/gcc/arm-none-eabi/6.3.1/../../../../arm-none-eabi/lib/thumb/v7-m\libg.a(lib_a-memset.o)
                0x08001c78                memset
 .text.sprintf  0x08001d14       0x4c c:/program files (x86)/gnu tools arm embedded/6 2017-q2-update/bin/../lib/gcc/arm-none-eabi/6.3.1/../../../../arm-none-eabi/lib/thumb/v7-m\libg.a(lib_a-sprintf.o)
                0x08001d14                sprintf
 .text._svfprintf_r
                0x08001d60     0x1500 c:/program files (x86)/gnu tools arm embedded/6 2017-q2-update/bin/../lib/gcc/arm-none-eabi/6.3.1/../../../../arm-none-eabi/lib/thumb/v7-m\libg.a(lib_a-svfprintf.o)
                0x08001d60                _svfprintf_r
 .text.quorem   0x08003260      0x128 c:/program files (x86)/gnu tools arm embedded/6 2017-q2-update/bin/../lib/gcc/arm-none-eabi/6.3.1/../../../../arm-none-eabi/lib/thumb/v7-m\libg.a(lib_a-dtoa.o)
 .text._dtoa_r  0x08003388      0xe44 c:/program files (x86)/gnu tools arm embedded/6 2017-q2-update/bin/../lib/gcc/arm-none-eabi/6.3.1/../../../../arm-none-eabi/lib/thumb/v7-m\libg.a(lib_a-dtoa.o)
                0x08003388                _dtoa_r
 .text._localeconv_r
                0x080041cc       0x1c c:/program files (x86)/gnu tools arm embedded/6 2017-q2-update/bin/../lib/gcc/arm-none-eabi/6.3.1/../../../../arm-none-eabi/lib/thumb/v7-m\libg.a(lib_a-localeconv.o)
                0x080041cc                _localeconv_r
 .text._malloc_r
                0x080041e8      0x544 c:/program files (x86)/gnu tools arm embedded/6 2017-q2-update/bin/../lib/gcc/arm-none-eabi/6.3.1/../../../../arm-none-eabi/lib/thumb/v7-m\libg.a(lib_a-mallocr.o)
                0x080041e8                _malloc_r
 .text.memchr   0x0800472c       0x8c c:/program files (x86)/gnu tools arm embedded/6 2017-q2-update/bin/../lib/gcc/arm-none-eabi/6.3.1/../../../../arm-none-eabi/lib/thumb/v7-m\libg.a(lib_a-memchr-stub.o)
                0x0800472c                memchr
 .text.__malloc_lock
                0x080047b8        0xc c:/program files (x86)/gnu tools arm embedded/6 2017-q2-update/bin/../lib/gcc/arm-none-eabi/6.3.1/../../../../arm-none-eabi/lib/thumb/v7-m\libg.a(lib_a-mlock.o)
                0x080047b8                __malloc_lock
 .text.__malloc_unlock
                0x080047c4        0xc c:/program files (x86)/gnu tools arm embedded/6 2017-q2-update/bin/../lib/gcc/arm-none-eabi/6.3.1/../../../../arm-none-eabi/lib/thumb/v7-m\libg.a(lib_a-mlock.o)
                0x080047c4                __malloc_unlock
 .text._Balloc  0x080047d0       0x4c c:/program files (x86)/gnu tools arm embedded/6 2017-q2-update/bin/../lib/gcc/arm-none-eabi/6.3.1/../../../../arm-none-eabi/lib/thumb/v7-m\libg.a(lib_a-mprec.o)
                0x080047d0                _Balloc
 .text._Bfree   0x0800481c       0x14 c:/program files (x86)/gnu tools arm embedded/6 2017-q2-update/bin/../lib/gcc/arm-none-eabi/6.3.1/../../../../arm-none-eabi/lib/thumb/v7-m\libg.a(lib_a-mprec.o)
                0x0800481c                _Bfree
 .text.__multadd
                0x08004830       0x84 c:/program files (x86)/gnu tools arm embedded/6 2017-q2-update/bin/../lib/gcc/arm-none-eabi/6.3.1/../../../../arm-none-eabi/lib/thumb/v7-m\libg.a(lib_a-mprec.o)
                0x08004830                __multadd
 .text.__hi0bits
                0x080048b4       0x40 c:/program files (x86)/gnu tools arm embedded/6 2017-q2-update/bin/../lib/gcc/arm-none-eabi/6.3.1/../../../../arm-none-eabi/lib/thumb/v7-m\libg.a(lib_a-mprec.o)
                0x080048b4                __hi0bits
 .text.__lo0bits
                0x080048f4       0x60 c:/program files (x86)/gnu tools arm embedded/6 2017-q2-update/bin/../lib/gcc/arm-none-eabi/6.3.1/../../../../arm-none-eabi/lib/thumb/v7-m\libg.a(lib_a-mprec.o)
                0x080048f4                __lo0bits
 .text.__i2b    0x08004954       0x14 c:/program files (x86)/gnu tools arm embedded/6 2017-q2-update/bin/../lib/gcc/arm-none-eabi/6.3.1/../../../../arm-none-eabi/lib/thumb/v7-m\libg.a(lib_a-mprec.o)
                0x08004954                __i2b
 .text.__multiply
                0x08004968      0x124 c:/program files (x86)/gnu tools arm embedded/6 2017-q2-update/bin/../lib/gcc/arm-none-eabi/6.3.1/../../../../arm-none-eabi/lib/thumb/v7-m\libg.a(lib_a-mprec.o)
                0x08004968                __multiply
 .text.__pow5mult
                0x08004a8c       0xa0 c:/program files (x86)/gnu tools arm embedded/6 2017-q2-update/bin/../lib/gcc/arm-none-eabi/6.3.1/../../../../arm-none-eabi/lib/thumb/v7-m\libg.a(lib_a-mprec.o)
                0x08004a8c                __pow5mult
 .text.__lshift
                0x08004b2c       0xa0 c:/program files (x86)/gnu tools arm embedded/6 2017-q2-update/bin/../lib/gcc/arm-none-eabi/6.3.1/../../../../arm-none-eabi/lib/thumb/v7-m\libg.a(lib_a-mprec.o)
                0x08004b2c                __lshift
 .text.__mcmp   0x08004bcc       0x38 c:/program files (x86)/gnu tools arm embedded/6 2017-q2-update/bin/../lib/gcc/arm-none-eabi/6.3.1/../../../../arm-none-eabi/lib/thumb/v7-m\libg.a(lib_a-mprec.o)
                0x08004bcc                __mcmp
 .text.__mdiff  0x08004c04      0x11c c:/program files (x86)/gnu tools arm embedded/6 2017-q2-update/bin/../lib/gcc/arm-none-eabi/6.3.1/../../../../arm-none-eabi/lib/thumb/v7-m\libg.a(lib_a-mprec.o)
                0x08004c04                __mdiff
 .text.__d2b    0x08004d20       0xa8 c:/program files (x86)/gnu tools arm embedded/6 2017-q2-update/bin/../lib/gcc/arm-none-eabi/6.3.1/../../../../arm-none-eabi/lib/thumb/v7-m\libg.a(lib_a-mprec.o)
                0x08004d20                __d2b
 .text._sbrk_r  0x08004dc8       0x24 c:/program files (x86)/gnu tools arm embedded/6 2017-q2-update/bin/../lib/gcc/arm-none-eabi/6.3.1/../../../../arm-none-eabi/lib/thumb/v7-m\libg.a(lib_a-sbrkr.o)
                0x08004dc8                _sbrk_r
 .text.strlen   0x08004dec       0x5c c:/program files (x86)/gnu tools arm embedded/6 2017-q2-update/bin/../lib/gcc/arm-none-eabi/6.3.1/../../../../arm-none-eabi/lib/thumb/v7-m\libg.a(lib_a-strlen-stub.o)
                0x08004dec                strlen
 .text.__ssprint_r
                0x08004e48       0xfc c:/program files (x86)/gnu tools arm embedded/6 2017-q2-update/bin/../lib/gcc/arm-none-eabi/6.3.1/../../../../arm-none-eabi/lib/thumb/v7-m\libg.a(lib_a-svfiprintf.o)
                0x08004e48                __ssprint_r
 .text._calloc_r
                0x08004f44       0x60 c:/program files (x86)/gnu tools arm embedded/6 2017-q2-update/bin/../lib/gcc/arm-none-eabi/6.3.1/../../../../arm-none-eabi/lib/thumb/v7-m\libg.a(lib_a-callocr.o)
                0x08004f44                _calloc_r
 .text._malloc_trim_r
                0x08004fa4       0xa0 c:/program files (x86)/gnu tools arm embedded/6 2017-q2-update/bin/../lib/gcc/arm-none-eabi/6.3.1/../../../../arm-none-eabi/lib/thumb/v7-m\libg.a(lib_a-freer.o)
                0x08004fa4                _malloc_trim_r
 .text._free_r  0x08005044      0x1cc c:/program files (x86)/gnu tools arm embedded/6 2017-q2-update/bin/../lib/gcc/arm-none-eabi/6.3.1/../../../../arm-none-eabi/lib/thumb/v7-m\libg.a(lib_a-freer.o)
                0x08005044                _free_r
 .text.__retarget_lock_acquire_recursive
                0x08005210        0x4 c:/program files (x86)/gnu tools arm embedded/6 2017-q2-update/bin/../lib/gcc/arm-none-eabi/6.3.1/../../../../arm-none-eabi/lib/thumb/v7-m\libg.a(lib_a-lock.o)
                0x08005210                __retarget_lock_acquire_recursive
 .text.__retarget_lock_release_recursive
                0x08005214        0x4 c:/program files (x86)/gnu tools arm embedded/6 2017-q2-update/bin/../lib/gcc/arm-none-eabi/6.3.1/../../../../arm-none-eabi/lib/thumb/v7-m\libg.a(lib_a-lock.o)
                0x08005214                __retarget_lock_release_recursive
 .text.__ascii_mbtowc
                0x08005218       0x2c c:/program files (x86)/gnu tools arm embedded/6 2017-q2-update/bin/../lib/gcc/arm-none-eabi/6.3.1/../../../../arm-none-eabi/lib/thumb/v7-m\libg.a(lib_a-mbtowc_r.o)
                0x08005218                __ascii_mbtowc
 .text._realloc_r
                0x08005244      0x36c c:/program files (x86)/gnu tools arm embedded/6 2017-q2-update/bin/../lib/gcc/arm-none-eabi/6.3.1/../../../../arm-none-eabi/lib/thumb/v7-m\libg.a(lib_a-reallocr.o)
                0x08005244                _realloc_r
 .text.__ascii_wctomb
                0x080055b0       0x18 c:/program files (x86)/gnu tools arm embedded/6 2017-q2-update/bin/../lib/gcc/arm-none-eabi/6.3.1/../../../../arm-none-eabi/lib/thumb/v7-m\libg.a(lib_a-wctomb_r.o)
                0x080055b0                __ascii_wctomb
 .text          0x080055c8      0x370 c:/program files (x86)/gnu tools arm embedded/6 2017-q2-update/bin/../lib/gcc/arm-none-eabi/6.3.1/thumb/v7-m\libgcc.a(_arm_addsubdf3.o)
                0x080055c8                __aeabi_drsub
                0x080055d0                __aeabi_dsub
                0x080055d0                __subdf3
                0x080055d4                __aeabi_dadd
                0x080055d4                __adddf3
                0x0800584c                __floatunsidf
                0x0800584c                __aeabi_ui2d
                0x0800586c                __floatsidf
                0x0800586c                __aeabi_i2d
                0x08005890                __aeabi_f2d
                0x08005890                __extendsfdf2
                0x080058cc                __floatundidf
                0x080058cc                __aeabi_ul2d
                0x080058dc                __floatdidf
                0x080058dc                __aeabi_l2d
 .text          0x08005938      0x424 c:/program files (x86)/gnu tools arm embedded/6 2017-q2-update/bin/../lib/gcc/arm-none-eabi/6.3.1/thumb/v7-m\libgcc.a(_arm_muldivdf3.o)
                0x08005938                __aeabi_dmul
                0x08005938                __muldf3
                0x08005b8c                __divdf3
                0x08005b8c                __aeabi_ddiv
 .text          0x08005d5c      0x110 c:/program files (x86)/gnu tools arm embedded/6 2017-q2-update/bin/../lib/gcc/arm-none-eabi/6.3.1/thumb/v7-m\libgcc.a(_arm_cmpdf2.o)
                0x08005d5c                __gtdf2
                0x08005d5c                __gedf2
                0x08005d64                __ltdf2
                0x08005d64                __ledf2
                0x08005d6c                __nedf2
                0x08005d6c                __eqdf2
                0x08005d6c                __cmpdf2
                0x08005de8                __aeabi_cdrcmple
                0x08005df8                __aeabi_cdcmpeq
                0x08005df8                __aeabi_cdcmple
                0x08005e08                __aeabi_dcmpeq
                0x08005e1c                __aeabi_dcmplt
                0x08005e30                __aeabi_dcmple
                0x08005e44                __aeabi_dcmpge
                0x08005e58                __aeabi_dcmpgt
 .text          0x08005e6c       0x2c c:/program files (x86)/gnu tools arm embedded/6 2017-q2-update/bin/../lib/gcc/arm-none-eabi/6.3.1/thumb/v7-m\libgcc.a(_arm_unorddf2.o)
                0x08005e6c                __unorddf2
                0x08005e6c                __aeabi_dcmpun
 .text          0x08005e98       0x50 c:/program files (x86)/gnu tools arm embedded/6 2017-q2-update/bin/../lib/gcc/arm-none-eabi/6.3.1/thumb/v7-m\libgcc.a(_arm_fixdfsi.o)
                0x08005e98                __aeabi_d2iz
                0x08005e98                __fixdfsi
 .text          0x08005ee8       0x30 c:/program files (x86)/gnu tools arm embedded/6 2017-q2-update/bin/../lib/gcc/arm-none-eabi/6.3.1/thumb/v7-m\libgcc.a(_aeabi_uldivmod.o)
                0x08005ee8                __aeabi_uldivmod
 .text          0x08005f18      0x2dc c:/program files (x86)/gnu tools arm embedded/6 2017-q2-update/bin/../lib/gcc/arm-none-eabi/6.3.1/thumb/v7-m\libgcc.a(_udivmoddi4.o)
                0x08005f18                __udivmoddi4
 .text          0x080061f4        0x4 c:/program files (x86)/gnu tools arm embedded/6 2017-q2-update/bin/../lib/gcc/arm-none-eabi/6.3.1/thumb/v7-m\libgcc.a(_dvmd_tls.o)
                0x080061f4                __aeabi_idiv0
                0x080061f4                __aeabi_ldiv0
 *(.init)
 *(.fini)
 *crtbegin.o(.ctors)
 *crtbegin?.o(.ctors)
 *(EXCLUDE_FILE(*crtend.o *crtend?.o) .ctors)
 *(SORT(.ctors.*))
 *(.ctors)
 *crtbegin.o(.dtors)
 *crtbegin?.o(.dtors)
 *(EXCLUDE_FILE(*crtend.o *crtend?.o) .dtors)
 *(SORT(.dtors.*))
 *(.dtors)
 *(.rodata*)
 .rodata.str1.4
                0x080061f8       0x49 ..\obj\main.o
 *fill*         0x08006241        0x3 
 .rodata        0x08006244     0x17a5 ..\obj\ssd1306.o
                0x08006244                Ascii_8x5_font
                0x0800642c                Tahoma24x40
                0x080070d4                Ascii_16x16_font
 *fill*         0x080079e9        0x3 
 .rodata._svfprintf_r.str1.4
                0x080079ec       0x42 c:/program files (x86)/gnu tools arm embedded/6 2017-q2-update/bin/../lib/gcc/arm-none-eabi/6.3.1/../../../../arm-none-eabi/lib/thumb/v7-m\libg.a(lib_a-svfprintf.o)
 *fill*         0x08007a2e        0x2 
 .rodata.blanks.7223
                0x08007a30       0x10 c:/program files (x86)/gnu tools arm embedded/6 2017-q2-update/bin/../lib/gcc/arm-none-eabi/6.3.1/../../../../arm-none-eabi/lib/thumb/v7-m\libg.a(lib_a-svfprintf.o)
 .rodata.zeroes.7224
                0x08007a40       0x10 c:/program files (x86)/gnu tools arm embedded/6 2017-q2-update/bin/../lib/gcc/arm-none-eabi/6.3.1/../../../../arm-none-eabi/lib/thumb/v7-m\libg.a(lib_a-svfprintf.o)
 .rodata._dtoa_r.str1.4
                0x08007a50       0x10 c:/program files (x86)/gnu tools arm embedded/6 2017-q2-update/bin/../lib/gcc/arm-none-eabi/6.3.1/../../../../arm-none-eabi/lib/thumb/v7-m\libg.a(lib_a-dtoa.o)
                                 0x12 (size before relaxing)
 .rodata.__mprec_bigtens
                0x08007a60       0x28 c:/program files (x86)/gnu tools arm embedded/6 2017-q2-update/bin/../lib/gcc/arm-none-eabi/6.3.1/../../../../arm-none-eabi/lib/thumb/v7-m\libg.a(lib_a-mprec.o)
                0x08007a60                __mprec_bigtens
 .rodata.__mprec_tens
                0x08007a88       0xc8 c:/program files (x86)/gnu tools arm embedded/6 2017-q2-update/bin/../lib/gcc/arm-none-eabi/6.3.1/../../../../arm-none-eabi/lib/thumb/v7-m\libg.a(lib_a-mprec.o)
                0x08007a88                __mprec_tens
 .rodata.p05.6055
                0x08007b50        0xc c:/program files (x86)/gnu tools arm embedded/6 2017-q2-update/bin/../lib/gcc/arm-none-eabi/6.3.1/../../../../arm-none-eabi/lib/thumb/v7-m\libg.a(lib_a-mprec.o)
 .rodata._setlocale_r.str1.4
                0x08007b5c        0xa c:/program files (x86)/gnu tools arm embedded/6 2017-q2-update/bin/../lib/gcc/arm-none-eabi/6.3.1/../../../../arm-none-eabi/lib/thumb/v7-m\libg.a(lib_a-locale.o)
                                  0xd (size before relaxing)
 *fill*         0x08007b66        0x2 
 .rodata.str1.4
                0x08007b68        0x4 c:/program files (x86)/gnu tools arm embedded/6 2017-q2-update/bin/../lib/gcc/arm-none-eabi/6.3.1/../../../../arm-none-eabi/lib/thumb/v7-m\libg.a(lib_a-locale.o)
                                  0x2 (size before relaxing)
 .rodata._ctype_
                0x08007b6c      0x101 c:/program files (x86)/gnu tools arm embedded/6 2017-q2-update/bin/../lib/gcc/arm-none-eabi/6.3.1/../../../../arm-none-eabi/lib/thumb/v7-m\libg.a(lib_a-ctype_.o)
                0x08007b6c                _ctype_
 *(.eh_fram e*)

.glue_7         0x08007c70        0x0
 .glue_7        0x08007c70        0x0 linker stubs

.glue_7t        0x08007c70        0x0
 .glue_7t       0x08007c70        0x0 linker stubs

.vfp11_veneer   0x08007c70        0x0
 .vfp11_veneer  0x08007c70        0x0 linker stubs

.v4_bx          0x08007c70        0x0
 .v4_bx         0x08007c70        0x0 linker stubs

.iplt           0x08007c70        0x0
 .iplt          0x08007c70        0x0 ..\obj\stm32f10x_tim.o

.ARM.extab
 *(.ARM.extab* .gnu.linkonce.armextab.*)
                0x08007c70                __exidx_start = .

.ARM.exidx      0x08007c70        0x8
 *(.ARM.exidx* .gnu.linkonce.armexidx.*)
 .ARM.exidx     0x08007c70        0x8 c:/program files (x86)/gnu tools arm embedded/6 2017-q2-update/bin/../lib/gcc/arm-none-eabi/6.3.1/thumb/v7-m\libgcc.a(_udivmoddi4.o)
                0x08007c78                __exidx_end = .
                0x08007c78                __etext = .
                0x08007c78                _sidata = __etext

.rel.dyn        0x08007c78        0x0
 .rel.iplt      0x08007c78        0x0 ..\obj\stm32f10x_tim.o

.data           0x20000000      0x9bc load address 0x08007c78
                0x20000000                __data_start__ = .
                0x20000000                _sdata = __data_start__
 *(vtable)
 *(.data*)
 .data          0x20000000       0x14 ..\obj\stm32f10x_rcc.o
 .data._impure_ptr
                0x20000014        0x4 c:/program files (x86)/gnu tools arm embedded/6 2017-q2-update/bin/../lib/gcc/arm-none-eabi/6.3.1/../../../../arm-none-eabi/lib/thumb/v7-m\libg.a(lib_a-impure.o)
                0x20000014                _impure_ptr
 .data.impure_data
                0x20000018      0x428 c:/program files (x86)/gnu tools arm embedded/6 2017-q2-update/bin/../lib/gcc/arm-none-eabi/6.3.1/../../../../arm-none-eabi/lib/thumb/v7-m\libg.a(lib_a-impure.o)
 .data.__malloc_av_
                0x20000440      0x408 c:/program files (x86)/gnu tools arm embedded/6 2017-q2-update/bin/../lib/gcc/arm-none-eabi/6.3.1/../../../../arm-none-eabi/lib/thumb/v7-m\libg.a(lib_a-mallocr.o)
                0x20000440                __malloc_av_
 .data.__malloc_sbrk_base
                0x20000848        0x4 c:/program files (x86)/gnu tools arm embedded/6 2017-q2-update/bin/../lib/gcc/arm-none-eabi/6.3.1/../../../../arm-none-eabi/lib/thumb/v7-m\libg.a(lib_a-mallocr.o)
                0x20000848                __malloc_sbrk_base
 .data.__malloc_trim_threshold
                0x2000084c        0x4 c:/program files (x86)/gnu tools arm embedded/6 2017-q2-update/bin/../lib/gcc/arm-none-eabi/6.3.1/../../../../arm-none-eabi/lib/thumb/v7-m\libg.a(lib_a-mallocr.o)
                0x2000084c                __malloc_trim_threshold
 .data.__global_locale
                0x20000850      0x16c c:/program files (x86)/gnu tools arm embedded/6 2017-q2-update/bin/../lib/gcc/arm-none-eabi/6.3.1/../../../../arm-none-eabi/lib/thumb/v7-m\libg.a(lib_a-locale.o)
                0x20000850                __global_locale
                0x200009bc                . = ALIGN (0x4)
                [!provide]                PROVIDE (__preinit_array_start, .)
 *(.preinit_array)
                [!provide]                PROVIDE (__preinit_array_end, .)
                0x200009bc                . = ALIGN (0x4)
                [!provide]                PROVIDE (__init_array_start, .)
 *(SORT(.init_array.*))
 *(.init_array)
                [!provide]                PROVIDE (__init_array_end, .)
                0x200009bc                . = ALIGN (0x4)
                [!provide]                PROVIDE (__fini_array_start, .)
 *(SORT(.fini_array.*))
 *(.fini_array)
                [!provide]                PROVIDE (__fini_array_end, .)
 *(.jcr*)
                0x200009bc                . = ALIGN (0x4)
                0x200009bc                __data_end__ = .
                0x200009bc                _edata = __data_end__

.igot.plt       0x200009bc        0x0 load address 0x08008634
 .igot.plt      0x200009bc        0x0 ..\obj\stm32f10x_tim.o

.bss            0x200009bc      0x484 load address 0x08008634
                0x200009bc                . = ALIGN (0x4)
                0x200009bc                __bss_start__ = .
                0x200009bc                _sbss = __bss_start__
 *(.bss*)
 .bss           0x200009bc        0x4 ..\obj\syscalls.o
 .bss.__malloc_current_mallinfo
                0x200009c0       0x28 c:/program files (x86)/gnu tools arm embedded/6 2017-q2-update/bin/../lib/gcc/arm-none-eabi/6.3.1/../../../../arm-none-eabi/lib/thumb/v7-m\libg.a(lib_a-mallocr.o)
                0x200009c0                __malloc_current_mallinfo
 .bss.__malloc_max_sbrked_mem
                0x200009e8        0x4 c:/program files (x86)/gnu tools arm embedded/6 2017-q2-update/bin/../lib/gcc/arm-none-eabi/6.3.1/../../../../arm-none-eabi/lib/thumb/v7-m\libg.a(lib_a-mallocr.o)
                0x200009e8                __malloc_max_sbrked_mem
 .bss.__malloc_max_total_mem
                0x200009ec        0x4 c:/program files (x86)/gnu tools arm embedded/6 2017-q2-update/bin/../lib/gcc/arm-none-eabi/6.3.1/../../../../arm-none-eabi/lib/thumb/v7-m\libg.a(lib_a-mallocr.o)
                0x200009ec                __malloc_max_total_mem
 .bss.__malloc_top_pad
                0x200009f0        0x4 c:/program files (x86)/gnu tools arm embedded/6 2017-q2-update/bin/../lib/gcc/arm-none-eabi/6.3.1/../../../../arm-none-eabi/lib/thumb/v7-m\libg.a(lib_a-mallocr.o)
                0x200009f0                __malloc_top_pad
 *(COMMON)
 COMMON         0x200009f4      0x418 ..\obj\main.o
                0x200009f4                address
                0x200009f8                command
                0x200009fc                remote_data
                0x20000a00                global_display_buffer
                0x20000e00                led
                0x20000e04                err
                0x20000e08                receiver_stage
 COMMON         0x20000e0c        0xc ..\obj\rc6.o
                0x20000e0c                bit_counter
                0x20000e10                bit_switch
                0x20000e14                tt
 COMMON         0x20000e18       0x21 c:/program files (x86)/gnu tools arm embedded/6 2017-q2-update/bin/../lib/gcc/arm-none-eabi/6.3.1/../../../../arm-none-eabi/lib/thumb/v7-m\libg.a(lib_a-lock.o)
                0x20000e18                __lock___atexit_recursive_mutex
                0x20000e1c                __lock___arc4random_mutex
                0x20000e20                __lock___env_recursive_mutex
                0x20000e24                __lock___sinit_recursive_mutex
                0x20000e28                __lock___malloc_recursive_mutex
                0x20000e2c                __lock___at_quick_exit_mutex
                0x20000e30                __lock___dd_hash_mutex
                0x20000e34                __lock___tz_mutex
                0x20000e38                __lock___sfp_recursive_mutex
 *fill*         0x20000e39        0x3 
 COMMON         0x20000e3c        0x4 c:/program files (x86)/gnu tools arm embedded/6 2017-q2-update/bin/../lib/gcc/arm-none-eabi/6.3.1/../../../../arm-none-eabi/lib/thumb/v7-m\libg.a(lib_a-reent.o)
                0x20000e3c                errno
                0x20000e40                . = ALIGN (0x4)
                0x20000e40                __bss_end__ = .
                0x20000e40                _ebss = __bss_end__

.heap           0x20000e40        0x0
                0x20000e40                __end__ = .
                0x20000e40                _end = __end__
                0x20000e40                end = __end__
 *(.heap*)
                0x20000e40                __HeapLimit = .

.co_stack       0x20000e40      0x400 load address 0x08008ab8
                0x20000e40                . = ALIGN (0x8)
 *(.co_stack .co_stack.*)
 .co_stack      0x20000e40      0x400 ..\obj\startup_stm32f10x_md.o
                0x20000e40                pulStack
                0x20005000                __StackTop = (ORIGIN (ram) + LENGTH (ram))
                0x20004c00                __StackLimit = (__StackTop - SIZEOF (.co_stack))
                [!provide]                PROVIDE (__stack, __StackTop)
                0x00000001                ASSERT ((__StackLimit >= __HeapLimit), region ram  overflowed with stack)
LOAD ..\obj\stm32f10x_tim.o
LOAD ..\obj\system_stm32f10x.o
LOAD ..\obj\startup_stm32f10x_md.o
LOAD ..\obj\stm32f10x_gpio.o
LOAD ..\obj\main.o
LOAD ..\obj\stm32f10x_rcc.o
LOAD ..\obj\stm32f10x_usart.o
LOAD ..\obj\syscalls.o
LOAD ..\obj\misc.o
LOAD ..\obj\rc6.o
LOAD ..\obj\ssd1306.o
LOAD ..\obj\stm32f10x_i2c.o
START GROUP
LOAD c:/program files (x86)/gnu tools arm embedded/6 2017-q2-update/bin/../lib/gcc/arm-none-eabi/6.3.1/thumb/v7-m\libgcc.a
LOAD c:/program files (x86)/gnu tools arm embedded/6 2017-q2-update/bin/../lib/gcc/arm-none-eabi/6.3.1/../../../../arm-none-eabi/lib/thumb/v7-m\libg.a
LOAD c:/program files (x86)/gnu tools arm embedded/6 2017-q2-update/bin/../lib/gcc/arm-none-eabi/6.3.1/../../../../arm-none-eabi/lib/thumb/v7-m\libc.a
END GROUP
OUTPUT(RC6_Remote_Control.elf elf32-littlearm)

.debug_info     0x00000000     0x90f4
 .debug_info    0x00000000     0x2592 ..\obj\stm32f10x_tim.o
 .debug_info    0x00002592      0x4c7 ..\obj\system_stm32f10x.o
 .debug_info    0x00002a59      0x13f ..\obj\startup_stm32f10x_md.o
 .debug_info    0x00002b98      0x896 ..\obj\stm32f10x_gpio.o
 .debug_info    0x0000342e      0x695 ..\obj\main.o
 .debug_info    0x00003ac3      0x947 ..\obj\stm32f10x_rcc.o
 .debug_info    0x0000440a      0xc9d ..\obj\syscalls.o
 .debug_info    0x000050a7      0x54d ..\obj\misc.o
 .debug_info    0x000055f4      0x8ef ..\obj\rc6.o
 .debug_info    0x00005ee3     0x2670 ..\obj\ssd1306.o
 .debug_info    0x00008553      0xba1 ..\obj\stm32f10x_i2c.o

.debug_abbrev   0x00000000     0x17c4
 .debug_abbrev  0x00000000      0x2c6 ..\obj\stm32f10x_tim.o
 .debug_abbrev  0x000002c6      0x18a ..\obj\system_stm32f10x.o
 .debug_abbrev  0x00000450       0xeb ..\obj\startup_stm32f10x_md.o
 .debug_abbrev  0x0000053b      0x211 ..\obj\stm32f10x_gpio.o
 .debug_abbrev  0x0000074c      0x1d4 ..\obj\main.o
 .debug_abbrev  0x00000920      0x27d ..\obj\stm32f10x_rcc.o
 .debug_abbrev  0x00000b9d      0x275 ..\obj\syscalls.o
 .debug_abbrev  0x00000e12      0x17f ..\obj\misc.o
 .debug_abbrev  0x00000f91      0x1ab ..\obj\rc6.o
 .debug_abbrev  0x0000113c      0x426 ..\obj\ssd1306.o
 .debug_abbrev  0x00001562      0x262 ..\obj\stm32f10x_i2c.o

.debug_loc      0x00000000     0x5fd5
 .debug_loc     0x00000000     0x24cb ..\obj\stm32f10x_tim.o
 .debug_loc     0x000024cb       0xbc ..\obj\system_stm32f10x.o
 .debug_loc     0x00002587     0x14f5 ..\obj\stm32f10x_gpio.o
 .debug_loc     0x00003a7c      0x705 ..\obj\stm32f10x_rcc.o
 .debug_loc     0x00004181       0xfe ..\obj\syscalls.o
 .debug_loc     0x0000427f      0x147 ..\obj\misc.o
 .debug_loc     0x000043c6       0xf0 ..\obj\rc6.o
 .debug_loc     0x000044b6     0x14c2 ..\obj\ssd1306.o
 .debug_loc     0x00005978      0x65d ..\obj\stm32f10x_i2c.o

.debug_aranges  0x00000000      0x748
 .debug_aranges
                0x00000000      0x2c0 ..\obj\stm32f10x_tim.o
 .debug_aranges
                0x000002c0       0x28 ..\obj\system_stm32f10x.o
 .debug_aranges
                0x000002e8       0x28 ..\obj\startup_stm32f10x_md.o
 .debug_aranges
                0x00000310       0xa8 ..\obj\stm32f10x_gpio.o
 .debug_aranges
                0x000003b8       0x20 ..\obj\main.o
 .debug_aranges
                0x000003d8      0x118 ..\obj\stm32f10x_rcc.o
 .debug_aranges
                0x000004f0       0x58 ..\obj\syscalls.o
 .debug_aranges
                0x00000548       0x40 ..\obj\misc.o
 .debug_aranges
                0x00000588       0x28 ..\obj\rc6.o
 .debug_aranges
                0x000005b0       0x88 ..\obj\ssd1306.o
 .debug_aranges
                0x00000638      0x110 ..\obj\stm32f10x_i2c.o

.debug_ranges   0x00000000      0x978
 .debug_ranges  0x00000000      0x4c0 ..\obj\stm32f10x_tim.o
 .debug_ranges  0x000004c0       0x40 ..\obj\system_stm32f10x.o
 .debug_ranges  0x00000500       0x18 ..\obj\startup_stm32f10x_md.o
 .debug_ranges  0x00000518       0x98 ..\obj\stm32f10x_gpio.o
 .debug_ranges  0x000005b0       0x10 ..\obj\main.o
 .debug_ranges  0x000005c0      0x128 ..\obj\stm32f10x_rcc.o
 .debug_ranges  0x000006e8       0x48 ..\obj\syscalls.o
 .debug_ranges  0x00000730       0x30 ..\obj\misc.o
 .debug_ranges  0x00000760       0x18 ..\obj\rc6.o
 .debug_ranges  0x00000778      0x100 ..\obj\ssd1306.o
 .debug_ranges  0x00000878      0x100 ..\obj\stm32f10x_i2c.o

.debug_line     0x00000000     0x32bd
 .debug_line    0x00000000      0xdba ..\obj\stm32f10x_tim.o
 .debug_line    0x00000dba      0x243 ..\obj\system_stm32f10x.o
 .debug_line    0x00000ffd       0xa9 ..\obj\startup_stm32f10x_md.o
 .debug_line    0x000010a6      0x551 ..\obj\stm32f10x_gpio.o
 .debug_line    0x000015f7      0x2ad ..\obj\main.o
 .debug_line    0x000018a4      0x545 ..\obj\stm32f10x_rcc.o
 .debug_line    0x00001de9      0x2ce ..\obj\syscalls.o
 .debug_line    0x000020b7      0x2c2 ..\obj\misc.o
 .debug_line    0x00002379      0x340 ..\obj\rc6.o
 .debug_line    0x000026b9      0x6a1 ..\obj\ssd1306.o
 .debug_line    0x00002d5a      0x563 ..\obj\stm32f10x_i2c.o

.debug_str      0x00000000     0x289d
 .debug_str     0x00000000      0xd71 ..\obj\stm32f10x_tim.o
                                0xe34 (size before relaxing)
 .debug_str     0x00000d71      0x173 ..\obj\system_stm32f10x.o
                                0x308 (size before relaxing)
 .debug_str     0x00000ee4       0xdf ..\obj\startup_stm32f10x_md.o
                                0x181 (size before relaxing)
 .debug_str     0x00000fc3      0x38f ..\obj\stm32f10x_gpio.o
                                0x559 (size before relaxing)
 .debug_str     0x00001352      0x173 ..\obj\main.o
                                0x4ab (size before relaxing)
 .debug_str     0x000014c5      0x3b4 ..\obj\stm32f10x_rcc.o
                                0x643 (size before relaxing)
 .debug_str     0x00001879      0x53f ..\obj\syscalls.o
                                0x740 (size before relaxing)
 .debug_str     0x00001db8      0x1db ..\obj\misc.o
                                0x3e7 (size before relaxing)
 .debug_str     0x00001f93      0x356 ..\obj\rc6.o
                                0x8ec (size before relaxing)
 .debug_str     0x000022e9      0x2d2 ..\obj\ssd1306.o
                                0x6b9 (size before relaxing)
 .debug_str     0x000025bb      0x2e2 ..\obj\stm32f10x_i2c.o
                                0x6b8 (size before relaxing)

.comment        0x00000000       0x7f
 .comment       0x00000000       0x7f ..\obj\stm32f10x_tim.o
                                 0x80 (size before relaxing)
 .comment       0x0000007f       0x80 ..\obj\system_stm32f10x.o
 .comment       0x0000007f       0x80 ..\obj\startup_stm32f10x_md.o
 .comment       0x0000007f       0x80 ..\obj\stm32f10x_gpio.o
 .comment       0x0000007f       0x80 ..\obj\main.o
 .comment       0x0000007f       0x80 ..\obj\stm32f10x_rcc.o
 .comment       0x0000007f       0x80 ..\obj\syscalls.o
 .comment       0x0000007f       0x80 ..\obj\misc.o
 .comment       0x0000007f       0x80 ..\obj\rc6.o
 .comment       0x0000007f       0x80 ..\obj\ssd1306.o
 .comment       0x0000007f       0x80 ..\obj\stm32f10x_i2c.o

.ARM.attributes
                0x00000000       0x31
 .ARM.attributes
                0x00000000       0x33 ..\obj\stm32f10x_tim.o
 .ARM.attributes
                0x00000033       0x33 ..\obj\system_stm32f10x.o
 .ARM.attributes
                0x00000066       0x33 ..\obj\startup_stm32f10x_md.o
 .ARM.attributes
                0x00000099       0x33 ..\obj\stm32f10x_gpio.o
 .ARM.attributes
                0x000000cc       0x33 ..\obj\main.o
 .ARM.attributes
                0x000000ff       0x33 ..\obj\stm32f10x_rcc.o
 .ARM.attributes
                0x00000132       0x33 ..\obj\syscalls.o
 .ARM.attributes
                0x00000165       0x33 ..\obj\misc.o
 .ARM.attributes
                0x00000198       0x33 ..\obj\rc6.o
 .ARM.attributes
                0x000001cb       0x33 ..\obj\ssd1306.o
 .ARM.attributes
                0x000001fe       0x33 ..\obj\stm32f10x_i2c.o
 .ARM.attributes
                0x00000231       0x1b c:/program files (x86)/gnu tools arm embedded/6 2017-q2-update/bin/../lib/gcc/arm-none-eabi/6.3.1/../../../../arm-none-eabi/lib/thumb/v7-m\libg.a(lib_a-memcpy.o)
 .ARM.attributes
                0x0000024c       0x2d c:/program files (x86)/gnu tools arm embedded/6 2017-q2-update/bin/../lib/gcc/arm-none-eabi/6.3.1/../../../../arm-none-eabi/lib/thumb/v7-m\libg.a(lib_a-memmove.o)
 .ARM.attributes
                0x00000279       0x2d c:/program files (x86)/gnu tools arm embedded/6 2017-q2-update/bin/../lib/gcc/arm-none-eabi/6.3.1/../../../../arm-none-eabi/lib/thumb/v7-m\libg.a(lib_a-memset.o)
 .ARM.attributes
                0x000002a6       0x2d c:/program files (x86)/gnu tools arm embedded/6 2017-q2-update/bin/../lib/gcc/arm-none-eabi/6.3.1/../../../../arm-none-eabi/lib/thumb/v7-m\libg.a(lib_a-sprintf.o)
 .ARM.attributes
                0x000002d3       0x2d c:/program files (x86)/gnu tools arm embedded/6 2017-q2-update/bin/../lib/gcc/arm-none-eabi/6.3.1/../../../../arm-none-eabi/lib/thumb/v7-m\libg.a(lib_a-svfprintf.o)
 .ARM.attributes
                0x00000300       0x2d c:/program files (x86)/gnu tools arm embedded/6 2017-q2-update/bin/../lib/gcc/arm-none-eabi/6.3.1/../../../../arm-none-eabi/lib/thumb/v7-m\libg.a(lib_a-dtoa.o)
 .ARM.attributes
                0x0000032d       0x2d c:/program files (x86)/gnu tools arm embedded/6 2017-q2-update/bin/../lib/gcc/arm-none-eabi/6.3.1/../../../../arm-none-eabi/lib/thumb/v7-m\libg.a(lib_a-impure.o)
 .ARM.attributes
                0x0000035a       0x2d c:/program files (x86)/gnu tools arm embedded/6 2017-q2-update/bin/../lib/gcc/arm-none-eabi/6.3.1/../../../../arm-none-eabi/lib/thumb/v7-m\libg.a(lib_a-localeconv.o)
 .ARM.attributes
                0x00000387       0x2d c:/program files (x86)/gnu tools arm embedded/6 2017-q2-update/bin/../lib/gcc/arm-none-eabi/6.3.1/../../../../arm-none-eabi/lib/thumb/v7-m\libg.a(lib_a-mallocr.o)
 .ARM.attributes
                0x000003b4       0x2d c:/program files (x86)/gnu tools arm embedded/6 2017-q2-update/bin/../lib/gcc/arm-none-eabi/6.3.1/../../../../arm-none-eabi/lib/thumb/v7-m\libg.a(lib_a-memchr-stub.o)
 .ARM.attributes
                0x000003e1       0x2d c:/program files (x86)/gnu tools arm embedded/6 2017-q2-update/bin/../lib/gcc/arm-none-eabi/6.3.1/../../../../arm-none-eabi/lib/thumb/v7-m\libg.a(lib_a-mlock.o)
 .ARM.attributes
                0x0000040e       0x2d c:/program files (x86)/gnu tools arm embedded/6 2017-q2-update/bin/../lib/gcc/arm-none-eabi/6.3.1/../../../../arm-none-eabi/lib/thumb/v7-m\libg.a(lib_a-mprec.o)
 .ARM.attributes
                0x0000043b       0x2d c:/program files (x86)/gnu tools arm embedded/6 2017-q2-update/bin/../lib/gcc/arm-none-eabi/6.3.1/../../../../arm-none-eabi/lib/thumb/v7-m\libg.a(lib_a-sbrkr.o)
 .ARM.attributes
                0x00000468       0x2d c:/program files (x86)/gnu tools arm embedded/6 2017-q2-update/bin/../lib/gcc/arm-none-eabi/6.3.1/../../../../arm-none-eabi/lib/thumb/v7-m\libg.a(lib_a-strlen-stub.o)
 .ARM.attributes
                0x00000495       0x2d c:/program files (x86)/gnu tools arm embedded/6 2017-q2-update/bin/../lib/gcc/arm-none-eabi/6.3.1/../../../../arm-none-eabi/lib/thumb/v7-m\libg.a(lib_a-svfiprintf.o)
 .ARM.attributes
                0x000004c2       0x2d c:/program files (x86)/gnu tools arm embedded/6 2017-q2-update/bin/../lib/gcc/arm-none-eabi/6.3.1/../../../../arm-none-eabi/lib/thumb/v7-m\libg.a(lib_a-callocr.o)
 .ARM.attributes
                0x000004ef       0x2d c:/program files (x86)/gnu tools arm embedded/6 2017-q2-update/bin/../lib/gcc/arm-none-eabi/6.3.1/../../../../arm-none-eabi/lib/thumb/v7-m\libg.a(lib_a-freer.o)
 .ARM.attributes
                0x0000051c       0x2d c:/program files (x86)/gnu tools arm embedded/6 2017-q2-update/bin/../lib/gcc/arm-none-eabi/6.3.1/../../../../arm-none-eabi/lib/thumb/v7-m\libg.a(lib_a-locale.o)
 .ARM.attributes
                0x00000549       0x2d c:/program files (x86)/gnu tools arm embedded/6 2017-q2-update/bin/../lib/gcc/arm-none-eabi/6.3.1/../../../../arm-none-eabi/lib/thumb/v7-m\libg.a(lib_a-lock.o)
 .ARM.attributes
                0x00000576       0x2d c:/program files (x86)/gnu tools arm embedded/6 2017-q2-update/bin/../lib/gcc/arm-none-eabi/6.3.1/../../../../arm-none-eabi/lib/thumb/v7-m\libg.a(lib_a-mbtowc_r.o)
 .ARM.attributes
                0x000005a3       0x2d c:/program files (x86)/gnu tools arm embedded/6 2017-q2-update/bin/../lib/gcc/arm-none-eabi/6.3.1/../../../../arm-none-eabi/lib/thumb/v7-m\libg.a(lib_a-reallocr.o)
 .ARM.attributes
                0x000005d0       0x2d c:/program files (x86)/gnu tools arm embedded/6 2017-q2-update/bin/../lib/gcc/arm-none-eabi/6.3.1/../../../../arm-none-eabi/lib/thumb/v7-m\libg.a(lib_a-reent.o)
 .ARM.attributes
                0x000005fd       0x2d c:/program files (x86)/gnu tools arm embedded/6 2017-q2-update/bin/../lib/gcc/arm-none-eabi/6.3.1/../../../../arm-none-eabi/lib/thumb/v7-m\libg.a(lib_a-wctomb_r.o)
 .ARM.attributes
                0x0000062a       0x2d c:/program files (x86)/gnu tools arm embedded/6 2017-q2-update/bin/../lib/gcc/arm-none-eabi/6.3.1/../../../../arm-none-eabi/lib/thumb/v7-m\libg.a(lib_a-ctype_.o)
 .ARM.attributes
                0x00000657       0x1d c:/program files (x86)/gnu tools arm embedded/6 2017-q2-update/bin/../lib/gcc/arm-none-eabi/6.3.1/thumb/v7-m\libgcc.a(_arm_addsubdf3.o)
 .ARM.attributes
                0x00000674       0x1d c:/program files (x86)/gnu tools arm embedded/6 2017-q2-update/bin/../lib/gcc/arm-none-eabi/6.3.1/thumb/v7-m\libgcc.a(_arm_muldivdf3.o)
 .ARM.attributes
                0x00000691       0x1d c:/program files (x86)/gnu tools arm embedded/6 2017-q2-update/bin/../lib/gcc/arm-none-eabi/6.3.1/thumb/v7-m\libgcc.a(_arm_cmpdf2.o)
 .ARM.attributes
                0x000006ae       0x1d c:/program files (x86)/gnu tools arm embedded/6 2017-q2-update/bin/../lib/gcc/arm-none-eabi/6.3.1/thumb/v7-m\libgcc.a(_arm_unorddf2.o)
 .ARM.attributes
                0x000006cb       0x1d c:/program files (x86)/gnu tools arm embedded/6 2017-q2-update/bin/../lib/gcc/arm-none-eabi/6.3.1/thumb/v7-m\libgcc.a(_arm_fixdfsi.o)
 .ARM.attributes
                0x000006e8       0x1d c:/program files (x86)/gnu tools arm embedded/6 2017-q2-update/bin/../lib/gcc/arm-none-eabi/6.3.1/thumb/v7-m\libgcc.a(_aeabi_uldivmod.o)
 .ARM.attributes
                0x00000705       0x2d c:/program files (x86)/gnu tools arm embedded/6 2017-q2-update/bin/../lib/gcc/arm-none-eabi/6.3.1/thumb/v7-m\libgcc.a(_udivmoddi4.o)
 .ARM.attributes
                0x00000732       0x1d c:/program files (x86)/gnu tools arm embedded/6 2017-q2-update/bin/../lib/gcc/arm-none-eabi/6.3.1/thumb/v7-m\libgcc.a(_dvmd_tls.o)

.debug_frame    0x00000000     0x1cd0
 .debug_frame   0x00000000      0x73c ..\obj\stm32f10x_tim.o
 .debug_frame   0x0000073c       0x48 ..\obj\system_stm32f10x.o
 .debug_frame   0x00000784       0x3c ..\obj\startup_stm32f10x_md.o
 .debug_frame   0x000007c0      0x1b0 ..\obj\stm32f10x_gpio.o
 .debug_frame   0x00000970       0x2c ..\obj\main.o
 .debug_frame   0x0000099c      0x224 ..\obj\stm32f10x_rcc.o
 .debug_frame   0x00000bc0       0xa0 ..\obj\syscalls.o
 .debug_frame   0x00000c60       0x70 ..\obj\misc.o
 .debug_frame   0x00000cd0       0x54 ..\obj\rc6.o
 .debug_frame   0x00000d24      0x214 ..\obj\ssd1306.o
 .debug_frame   0x00000f38      0x26c ..\obj\stm32f10x_i2c.o
 .debug_frame   0x000011a4       0x30 c:/program files (x86)/gnu tools arm embedded/6 2017-q2-update/bin/../lib/gcc/arm-none-eabi/6.3.1/../../../../arm-none-eabi/lib/thumb/v7-m\libg.a(lib_a-memmove.o)
 .debug_frame   0x000011d4       0x34 c:/program files (x86)/gnu tools arm embedded/6 2017-q2-update/bin/../lib/gcc/arm-none-eabi/6.3.1/../../../../arm-none-eabi/lib/thumb/v7-m\libg.a(lib_a-memset.o)
 .debug_frame   0x00001208       0x84 c:/program files (x86)/gnu tools arm embedded/6 2017-q2-update/bin/../lib/gcc/arm-none-eabi/6.3.1/../../../../arm-none-eabi/lib/thumb/v7-m\libg.a(lib_a-sprintf.o)
 .debug_frame   0x0000128c       0x40 c:/program files (x86)/gnu tools arm embedded/6 2017-q2-update/bin/../lib/gcc/arm-none-eabi/6.3.1/../../../../arm-none-eabi/lib/thumb/v7-m\libg.a(lib_a-svfprintf.o)
 .debug_frame   0x000012cc       0x84 c:/program files (x86)/gnu tools arm embedded/6 2017-q2-update/bin/../lib/gcc/arm-none-eabi/6.3.1/../../../../arm-none-eabi/lib/thumb/v7-m\libg.a(lib_a-dtoa.o)
 .debug_frame   0x00001350       0x40 c:/program files (x86)/gnu tools arm embedded/6 2017-q2-update/bin/../lib/gcc/arm-none-eabi/6.3.1/../../../../arm-none-eabi/lib/thumb/v7-m\libg.a(lib_a-localeconv.o)
 .debug_frame   0x00001390       0x54 c:/program files (x86)/gnu tools arm embedded/6 2017-q2-update/bin/../lib/gcc/arm-none-eabi/6.3.1/../../../../arm-none-eabi/lib/thumb/v7-m\libg.a(lib_a-mallocr.o)
 .debug_frame   0x000013e4       0x34 c:/program files (x86)/gnu tools arm embedded/6 2017-q2-update/bin/../lib/gcc/arm-none-eabi/6.3.1/../../../../arm-none-eabi/lib/thumb/v7-m\libg.a(lib_a-memchr-stub.o)
 .debug_frame   0x00001418       0x30 c:/program files (x86)/gnu tools arm embedded/6 2017-q2-update/bin/../lib/gcc/arm-none-eabi/6.3.1/../../../../arm-none-eabi/lib/thumb/v7-m\libg.a(lib_a-mlock.o)
 .debug_frame   0x00001448      0x260 c:/program files (x86)/gnu tools arm embedded/6 2017-q2-update/bin/../lib/gcc/arm-none-eabi/6.3.1/../../../../arm-none-eabi/lib/thumb/v7-m\libg.a(lib_a-mprec.o)
 .debug_frame   0x000016a8       0x2c c:/program files (x86)/gnu tools arm embedded/6 2017-q2-update/bin/../lib/gcc/arm-none-eabi/6.3.1/../../../../arm-none-eabi/lib/thumb/v7-m\libg.a(lib_a-sbrkr.o)
 .debug_frame   0x000016d4       0x20 c:/program files (x86)/gnu tools arm embedded/6 2017-q2-update/bin/../lib/gcc/arm-none-eabi/6.3.1/../../../../arm-none-eabi/lib/thumb/v7-m\libg.a(lib_a-strlen-stub.o)
 .debug_frame   0x000016f4       0x78 c:/program files (x86)/gnu tools arm embedded/6 2017-q2-update/bin/../lib/gcc/arm-none-eabi/6.3.1/../../../../arm-none-eabi/lib/thumb/v7-m\libg.a(lib_a-svfiprintf.o)
 .debug_frame   0x0000176c       0x28 c:/program files (x86)/gnu tools arm embedded/6 2017-q2-update/bin/../lib/gcc/arm-none-eabi/6.3.1/../../../../arm-none-eabi/lib/thumb/v7-m\libg.a(lib_a-callocr.o)
 .debug_frame   0x00001794       0x74 c:/program files (x86)/gnu tools arm embedded/6 2017-q2-update/bin/../lib/gcc/arm-none-eabi/6.3.1/../../../../arm-none-eabi/lib/thumb/v7-m\libg.a(lib_a-freer.o)
 .debug_frame   0x00001808       0x6c c:/program files (x86)/gnu tools arm embedded/6 2017-q2-update/bin/../lib/gcc/arm-none-eabi/6.3.1/../../../../arm-none-eabi/lib/thumb/v7-m\libg.a(lib_a-locale.o)
 .debug_frame   0x00001874       0xb0 c:/program files (x86)/gnu tools arm embedded/6 2017-q2-update/bin/../lib/gcc/arm-none-eabi/6.3.1/../../../../arm-none-eabi/lib/thumb/v7-m\libg.a(lib_a-lock.o)
 .debug_frame   0x00001924       0x4c c:/program files (x86)/gnu tools arm embedded/6 2017-q2-update/bin/../lib/gcc/arm-none-eabi/6.3.1/../../../../arm-none-eabi/lib/thumb/v7-m\libg.a(lib_a-mbtowc_r.o)
 .debug_frame   0x00001970       0x68 c:/program files (x86)/gnu tools arm embedded/6 2017-q2-update/bin/../lib/gcc/arm-none-eabi/6.3.1/../../../../arm-none-eabi/lib/thumb/v7-m\libg.a(lib_a-reallocr.o)
 .debug_frame   0x000019d8       0x58 c:/program files (x86)/gnu tools arm embedded/6 2017-q2-update/bin/../lib/gcc/arm-none-eabi/6.3.1/../../../../arm-none-eabi/lib/thumb/v7-m\libg.a(lib_a-reent.o)
 .debug_frame   0x00001a30       0x3c c:/program files (x86)/gnu tools arm embedded/6 2017-q2-update/bin/../lib/gcc/arm-none-eabi/6.3.1/../../../../arm-none-eabi/lib/thumb/v7-m\libg.a(lib_a-wctomb_r.o)
 .debug_frame   0x00001a6c       0xac c:/program files (x86)/gnu tools arm embedded/6 2017-q2-update/bin/../lib/gcc/arm-none-eabi/6.3.1/thumb/v7-m\libgcc.a(_arm_addsubdf3.o)
 .debug_frame   0x00001b18       0x50 c:/program files (x86)/gnu tools arm embedded/6 2017-q2-update/bin/../lib/gcc/arm-none-eabi/6.3.1/thumb/v7-m\libgcc.a(_arm_muldivdf3.o)
 .debug_frame   0x00001b68       0xc4 c:/program files (x86)/gnu tools arm embedded/6 2017-q2-update/bin/../lib/gcc/arm-none-eabi/6.3.1/thumb/v7-m\libgcc.a(_arm_cmpdf2.o)
 .debug_frame   0x00001c2c       0x20 c:/program files (x86)/gnu tools arm embedded/6 2017-q2-update/bin/../lib/gcc/arm-none-eabi/6.3.1/thumb/v7-m\libgcc.a(_arm_unorddf2.o)
 .debug_frame   0x00001c4c       0x24 c:/program files (x86)/gnu tools arm embedded/6 2017-q2-update/bin/../lib/gcc/arm-none-eabi/6.3.1/thumb/v7-m\libgcc.a(_arm_fixdfsi.o)
 .debug_frame   0x00001c70       0x2c c:/program files (x86)/gnu tools arm embedded/6 2017-q2-update/bin/../lib/gcc/arm-none-eabi/6.3.1/thumb/v7-m\libgcc.a(_aeabi_uldivmod.o)
 .debug_frame   0x00001c9c       0x34 c:/program files (x86)/gnu tools arm embedded/6 2017-q2-update/bin/../lib/gcc/arm-none-eabi/6.3.1/thumb/v7-m\libgcc.a(_udivmoddi4.o)
